// Vitest Snapshot v1, https://vitest.dev/guide/snapshot.html

exports[`AuthButton > matches snapshot when logged in 1`] = `
<div
  class="flex items-center gap-2"
>
  <button
    aria-label="Sign out"
    class="inline-flex items-center justify-center gap-2 whitespace-nowrap rounded-md text-sm font-medium transition-all disabled:pointer-events-none disabled:opacity-50 [&_svg]:pointer-events-none [&_svg:not([class*='size-'])]:size-4 shrink-0 [&_svg]:shrink-0 outline-none focus-visible:border-ring focus-visible:ring-ring/50 focus-visible:ring-[3px] aria-invalid:ring-destructive/20 dark:aria-invalid:ring-destructive/40 aria-invalid:border-destructive hover:bg-accent hover:text-accent-foreground dark:hover:bg-accent/50 h-9 px-4 py-2 has-[>svg]:px-3"
    data-slot="button"
  >
    Sign out
  </button>
  <span
    class="text-sm text-pm-text-low ml-2"
  >
    (
    test@example.com
    )
  </span>
</div>
`;

exports[`AuthButton > matches snapshot when logged out 1`] = `
<button
  aria-haspopup="dialog"
  class="inline-flex items-center justify-center gap-2 whitespace-nowrap rounded-md text-sm font-medium transition-all disabled:pointer-events-none disabled:opacity-50 [&_svg]:pointer-events-none [&_svg:not([class*='size-'])]:size-4 shrink-0 [&_svg]:shrink-0 outline-none focus-visible:border-ring focus-visible:ring-ring/50 focus-visible:ring-[3px] aria-invalid:ring-destructive/20 dark:aria-invalid:ring-destructive/40 aria-invalid:border-destructive shadow-xs hover:bg-primary/90 h-9 px-4 py-2 has-[>svg]:px-3 bg-pm-primary text-white"
  data-slot="button"
>
  Sign in
</button>
`;
